(TimeCmd (StmtCmd (LetStmt (ArgLValue (VarArgument C)) (IntExpr 4))))
(WriteImageCmd (VarExpr W) "B")
(WriteImageCmd (IntExpr 8) "~<")
(ShowCmd
 (CallExpr
  a2A.
  (VarExpr U4p_)
  (FloatExpr 7)
  (CallExpr H (CallExpr e))
  (VarExpr p)
  (IntExpr 9)
  (IntExpr 5)
  (FloatExpr 1085)
  (CallExpr m)
  (VarExpr v)
  (VarExpr F5I.)
  (IntExpr 0)
  (FloatExpr 1)
  (FloatExpr 0)
  (VarExpr I5R_)
  (CallExpr
   e
   (CallExpr T0H_8w.)
   (IntExpr 8)
   (CallExpr z)
   (IntExpr 6)
   (FloatExpr 935)
   (FloatExpr 0)
   (IntExpr 60)
   (CallExpr d8y_7u.)
   (VarExpr T)
   (CallExpr
    x8T_0K_
    (CallExpr q7y_0k_)
    (VarExpr l9K_)
    (VarExpr L)
    (FloatExpr 0))
   (VarExpr B8h_3J.1U.)
   (FloatExpr 749)
   (FloatExpr 0)
   (CallExpr
    W4C.
    (VarExpr u)
    (FloatExpr 0)
    (FloatExpr 15)
    (VarExpr L9v_2Z_)
    (IntExpr 29)
    (CallExpr C)
    (FloatExpr 517)
    (VarExpr s0R_))
   (CallExpr S (VarExpr V4c.7Y_0K.))
   (VarExpr X3p_)
   (CallExpr
    n8z.7d.
    (CallExpr y)
    (IntExpr 9)
    (CallExpr J)
    (CallExpr K (VarExpr S))
    (IntExpr 1)
    (CallExpr
     Z
     (CallExpr o)
     (FloatExpr 4)
     (CallExpr G (FloatExpr 0) (IntExpr 8)))
    (VarExpr p5d_1v.)
    (CallExpr
     O
     (IntExpr 74)
     (CallExpr z7c_)
     (FloatExpr 7)
     (IntExpr 98)
     (CallExpr Y2j_)
     (CallExpr K4g_)
     (FloatExpr 0)
     (IntExpr 56)
     (CallExpr L)
     (CallExpr a (VarExpr Z))
     (VarExpr i5i.1H_)
     (FloatExpr 0)
     (IntExpr 8)
     (CallExpr r3y.9G_ (FloatExpr 0))
     (VarExpr k)
     (CallExpr F (IntExpr 673))
     (FloatExpr 9070)
     (IntExpr 6)
     (IntExpr 467)
     (VarExpr L3e_)
     (FloatExpr 74)
     (CallExpr P)
     (IntExpr 5)
     (FloatExpr 0)
     (FloatExpr 0)
     (CallExpr p)
     (FloatExpr 0))
    (FloatExpr 57)
    (VarExpr u)
    (FloatExpr 0)
    (IntExpr 7)
    (CallExpr x (VarExpr M))
    (FloatExpr 70)
    (FloatExpr 2))
   (IntExpr 737)
   (FloatExpr 0)
   (VarExpr Y)
   (FloatExpr 580)
   (VarExpr b)
   (VarExpr m)
   (VarExpr e3G.3F_3F_0Y_)
   (IntExpr 1)
   (FloatExpr 0)
   (VarExpr T)
   (FloatExpr 0)
   (CallExpr f (IntExpr 4))
   (VarExpr j8Y_7L.)
   (FloatExpr 0)
   (IntExpr 6)
   (CallExpr S8S. (VarExpr P))
   (VarExpr r8Q.)
   (IntExpr 6)
   (FloatExpr 92)
   (VarExpr X6d_)
   (CallExpr Z8K_0X_)
   (CallExpr f4C.5C.1Z_)
   (FloatExpr 0)
   (FloatExpr 388)
   (VarExpr G)
   (IntExpr 95)
   (CallExpr B5s.3O.)
   (CallExpr Z)
   (VarExpr v)
   (FloatExpr 906587)
   (VarExpr V)
   (VarExpr S1C.7y.)
   (IntExpr 0)
   (CallExpr W6c. (FloatExpr 0))
   (FloatExpr 0)
   (VarExpr K)
   (CallExpr x)
   (CallExpr t)
   (VarExpr q3S.7O.6L_3E.7b.)
   (CallExpr
    o
    (FloatExpr 0)
    (CallExpr e)
    (IntExpr 2)
    (VarExpr h1T_)
    (CallExpr
     x9C_2k.2Y_3G_2X_
     (CallExpr D (CallExpr e0X.1w.5F. (FloatExpr 0))))
    (IntExpr 795))
   (FloatExpr 0)
   (IntExpr 8002563843)
   (IntExpr 48)
   (FloatExpr 9757)
   (FloatExpr 0)
   (CallExpr
    R8H_
    (IntExpr 5)
    (CallExpr K)
    (FloatExpr 4)
    (FloatExpr 0)
    (IntExpr 1)
    (FloatExpr 0)
    (FloatExpr 0))
   (VarExpr l)
   (FloatExpr 83893705)
   (IntExpr 6))
  (VarExpr U)
  (CallExpr p)
  (CallExpr g0o.)
  (FloatExpr 0)
  (FloatExpr 278)
  (CallExpr G (FloatExpr 0))
  (IntExpr 83)
  (CallExpr z (CallExpr e9v.))
  (VarExpr Z4X.1l.)
  (IntExpr 77)
  (CallExpr
   O
   (CallExpr k (FloatExpr 0) (IntExpr 8))
   (CallExpr T4p_ (FloatExpr 0)))
  (VarExpr Q)
  (CallExpr W5C_)
  (FloatExpr 0)
  (VarExpr d3q_)
  (VarExpr q2A_4r_9t_8l_6h.)
  (CallExpr R8x. (FloatExpr 546))
  (CallExpr R9u_1H_8p.0B.)
  (FloatExpr 24041091)
  (FloatExpr 0)
  (FloatExpr 96)
  (IntExpr 3780)
  (FloatExpr 48)))
(ShowCmd (IntExpr 3))
(TimeCmd (TimeCmd (ReadImageCmd "XH" (VarArgument g3h.))))
(TimeCmd (ReadImageCmd "" (VarArgument F)))
