(StmtCmd (LetStmt (ArgLValue (VarArgument Z)) (VarExpr X)))
(TimeCmd (WriteImageCmd (IntExpr 1) "bU2"))
(ReadImageCmd "" (VarArgument q))
(WriteImageCmd (FloatExpr 0) "_")
(PrintCmd "Jh!")
(WriteImageCmd (IntExpr 617) "")
(ShowCmd (FloatExpr 0))
(TimeCmd (WriteImageCmd (FloatExpr 47576130) "1"))
(StmtCmd (LetStmt (ArgLValue (VarArgument z3t.9O_)) (VarExpr q)))
(StmtCmd (ReturnStmt (IntExpr 51)))
(WriteImageCmd (CallExpr F2x.) "")
