(ReadImageCmd "" (VarArgument A))
(ReadImageCmd "" (VarArgument X0M_7P.))
(ReadImageCmd "rd" (VarArgument b2x_3G.))
(ReadImageCmd "" (VarArgument f))
(TimeCmd (ShowCmd (IntExpr 4)))
(TimeCmd (WriteImageCmd (IntExpr 16) "&>"))
(PrintCmd "A")
(WriteImageCmd (IntExpr 77) "")
(ReadImageCmd "$" (VarArgument C))
(PrintCmd "")
(ShowCmd (VarExpr V5Z.3r_))
(ShowCmd (VarExpr j9u_))
(WriteImageCmd (CallExpr j) "j")
