(StmtCmd
 (LetStmt
  (ArgLValue (VarArgument I2T_4g.2B_2h_))
  (CallExpr
   G
   (IntExpr 17)
   (CallExpr
    k0M.9a.2i.
    (CallExpr
     E1R_
     (VarExpr Q)
     (FloatExpr 0)
     (CallExpr A)
     (VarExpr M3u.)
     (VarExpr N)
     (FloatExpr 0)
     (VarExpr P3x_8x.)
     (VarExpr B5F_6x.3e.)
     (FloatExpr 0)
     (FloatExpr 0)
     (CallExpr I (IntExpr 8))
     (FloatExpr 131)
     (FloatExpr 32)
     (FloatExpr 0)
     (VarExpr z2d_)
     (IntExpr 4)
     (FloatExpr 0)
     (VarExpr U)
     (IntExpr 9)
     (CallExpr A (FloatExpr 91) (FloatExpr 29))
     (FloatExpr 68155)
     (CallExpr a (CallExpr m1c.))
     (CallExpr E7G_)
     (VarExpr T)
     (CallExpr c (VarExpr P7V_))
     (VarExpr J8r_9e.)
     (CallExpr
      w
      (CallExpr s6W. (VarExpr G4o.))
      (FloatExpr 0)
      (CallExpr n (VarExpr i5F_))
      (CallExpr I7j. (FloatExpr 0))
      (FloatExpr 0)
      (FloatExpr 6510910)
      (FloatExpr 7)
      (IntExpr 6)
      (IntExpr 78)
      (VarExpr S3w_1x_)
      (FloatExpr 0)
      (CallExpr b3j_4c_8e_)
      (IntExpr 240)
      (IntExpr 0)
      (FloatExpr 0)
      (IntExpr 6)
      (IntExpr 4)
      (IntExpr 0)
      (FloatExpr 0)
      (IntExpr 9)
      (IntExpr 79)
      (FloatExpr 0)
      (VarExpr M)
      (CallExpr p (VarExpr F))
      (FloatExpr 0)
      (FloatExpr 0)
      (FloatExpr 0)
      (CallExpr x5E_8Z_ (VarExpr s) (FloatExpr 0) (IntExpr 37))
      (CallExpr P)
      (CallExpr
       f
       (IntExpr 3)
       (IntExpr 0)
       (VarExpr f6q_)
       (VarExpr v)
       (VarExpr y4M.7Y_)
       (CallExpr c)
       (VarExpr e)
       (CallExpr v)
       (FloatExpr 9071676673)
       (CallExpr D)
       (VarExpr Z)
       (FloatExpr 0)
       (IntExpr 13)
       (FloatExpr 7)
       (FloatExpr 0)
       (IntExpr 33)
       (CallExpr W (CallExpr u) (VarExpr X1e_2E.6X.))
       (CallExpr x6K_)
       (IntExpr 2))
      (VarExpr A)
      (CallExpr r)
      (FloatExpr 0)
      (FloatExpr 42)
      (IntExpr 24)
      (CallExpr H)
      (VarExpr d)
      (CallExpr V6e_)
      (IntExpr 9)
      (CallExpr T)
      (CallExpr R)
      (VarExpr G)
      (FloatExpr 0)
      (IntExpr 78)
      (FloatExpr 0)
      (VarExpr x))
     (CallExpr
      N
      (FloatExpr 41)
      (CallExpr V6C.)
      (IntExpr 75)
      (CallExpr L6K_ (FloatExpr 0))
      (CallExpr L)
      (VarExpr g7w.)
      (IntExpr 4)
      (IntExpr 6)
      (FloatExpr 982013)
      (IntExpr 9)
      (VarExpr U)
      (FloatExpr 36)
      (CallExpr G3d_9S.6h_)
      (VarExpr J)
      (VarExpr m)
      (VarExpr h2X_)
      (FloatExpr 0)
      (CallExpr T (IntExpr 24))
      (VarExpr d8E.)
      (IntExpr 75)
      (VarExpr X)
      (CallExpr t5R.)
      (IntExpr 46)
      (VarExpr x7B.)
      (VarExpr L6w.2b_)
      (CallExpr O6y_3I_ (IntExpr 3))
      (IntExpr 9)
      (FloatExpr 0)
      (CallExpr z)
      (CallExpr T7o. (VarExpr N6P.5r_))
      (VarExpr W)
      (CallExpr
       N
       (VarExpr I)
       (IntExpr 4)
       (FloatExpr 0)
       (IntExpr 339)
       (FloatExpr 8)
       (CallExpr p9c_)
       (FloatExpr 8100)
       (FloatExpr 0)
       (FloatExpr 0)
       (CallExpr E (IntExpr 4))
       (FloatExpr 0))
      (VarExpr V)
      (FloatExpr 5718)
      (FloatExpr 0)
      (CallExpr F4P.5b.3d_ (FloatExpr 0))
      (VarExpr y)
      (VarExpr x)
      (VarExpr E)
      (IntExpr 31)
      (FloatExpr 0)
      (FloatExpr 2)
      (IntExpr 8)
      (CallExpr j6G_)
      (VarExpr k)
      (FloatExpr 0)
      (IntExpr 74)
      (CallExpr l (FloatExpr 0))
      (VarExpr g)
      (FloatExpr 42678)
      (CallExpr b (FloatExpr 0)))
     (CallExpr e7J_)
     (CallExpr I0o.)
     (CallExpr D1z_ (IntExpr 1) (CallExpr t5n_))
     (VarExpr d)
     (CallExpr
      F6m.
      (CallExpr r8b.)
      (FloatExpr 0)
      (IntExpr 21)
      (IntExpr 2)
      (CallExpr O6u.)
      (CallExpr a)
      (IntExpr 8)
      (FloatExpr 0)
      (IntExpr 15440)
      (IntExpr 2631)
      (VarExpr r5s_)
      (FloatExpr 0)
      (FloatExpr 56605177)
      (CallExpr W))
     (FloatExpr 977))
    (VarExpr v)
    (FloatExpr 5)
    (CallExpr r7k_))
   (VarExpr a)
   (IntExpr 87)
   (VarExpr g3Z_)
   (VarExpr L2e_)
   (CallExpr J)
   (CallExpr g (IntExpr 24) (VarExpr U3p.))
   (IntExpr 9)
   (IntExpr 8)
   (FloatExpr 0)
   (CallExpr
    r
    (CallExpr
     X
     (CallExpr Q8Q_1B_)
     (CallExpr
      a
      (FloatExpr 0)
      (CallExpr G7Z.)
      (FloatExpr 0)
      (FloatExpr 4238)
      (CallExpr
       Z9I.2t_
       (IntExpr 4)
       (FloatExpr 0)
       (VarExpr D)
       (VarExpr B)
       (VarExpr m)
       (CallExpr R1q_2h.)
       (VarExpr C3B_)
       (IntExpr 2563)
       (IntExpr 71)
       (FloatExpr 22)
       (CallExpr l5I_)
       (FloatExpr 55020119360)
       (VarExpr N5w_)
       (CallExpr A3Y.)
       (CallExpr
        c
        (IntExpr 0)
        (CallExpr y)
        (VarExpr H9h_0W.)
        (FloatExpr 0)
        (IntExpr 5))
       (VarExpr V)
       (FloatExpr 6)
       (FloatExpr 42603)
       (FloatExpr 988)
       (CallExpr e7x.)
       (VarExpr L6c_4T_)
       (CallExpr i (VarExpr l6Y.))
       (IntExpr 90)
       (CallExpr o (CallExpr q (VarExpr X)))
       (FloatExpr 97)
       (FloatExpr 0)
       (VarExpr D)
       (VarExpr O)
       (FloatExpr 0)
       (VarExpr S)
       (CallExpr p1X_4J.)
       (VarExpr s2C.6r_7L.)
       (VarExpr O2l.3r_)
       (CallExpr p)
       (CallExpr
        P
        (IntExpr 5)
        (FloatExpr 0)
        (VarExpr U)
        (IntExpr 2)
        (IntExpr 8)
        (VarExpr x)
        (CallExpr d3x.1G. (FloatExpr 0) (CallExpr M5x.5f_8V_6Z.) (IntExpr 0))
        (CallExpr s (CallExpr T) (VarExpr E) (IntExpr 55) (FloatExpr 495))
        (FloatExpr 0)
        (CallExpr U0Z.)
        (CallExpr R)
        (FloatExpr 0)
        (FloatExpr 2241)
        (IntExpr 533)
        (VarExpr D6J.)
        (IntExpr 90)
        (IntExpr 0)
        (VarExpr a)
        (CallExpr r)
        (IntExpr 5)
        (FloatExpr 0)
        (IntExpr 163))
       (FloatExpr 709407)
       (IntExpr 84)
       (CallExpr E (FloatExpr 0))
       (IntExpr 9)
       (VarExpr r3o_)
       (CallExpr B (CallExpr V2K_ (CallExpr S2u_2e.)))
       (CallExpr
        l
        (VarExpr H)
        (FloatExpr 643)
        (FloatExpr 6)
        (VarExpr d)
        (VarExpr P3O.))
       (VarExpr R)
       (CallExpr X1Z.)
       (VarExpr L)
       (VarExpr U)
       (VarExpr q)
       (IntExpr 7166)
       (FloatExpr 0)
       (FloatExpr 0)
       (FloatExpr 93)
       (VarExpr P7W_)
       (VarExpr A6p_)
       (VarExpr u5J_9K.)
       (CallExpr j)
       (CallExpr l)
       (CallExpr
        Y8j.7T_8L.
        (VarExpr G)
        (CallExpr v)
        (IntExpr 51)
        (CallExpr O8H_))
       (IntExpr 4)
       (IntExpr 650)
       (CallExpr I (IntExpr 9) (FloatExpr 0))
       (CallExpr E1x. (CallExpr j5m.8b_))
       (VarExpr I)
       (FloatExpr 0)
       (VarExpr z4i.1C.5r_)
       (CallExpr
        Z
        (IntExpr 7)
        (FloatExpr 0)
        (CallExpr a)
        (VarExpr y8z_)
        (FloatExpr 0)
        (IntExpr 386439922)
        (FloatExpr 0)
        (VarExpr p3z_3t_9o_7K.)
        (VarExpr t)
        (IntExpr 634)
        (CallExpr w8n_)
        (CallExpr
         H
         (IntExpr 478)
         (IntExpr 283)
         (VarExpr t)
         (VarExpr k)
         (VarExpr X7C_)
         (VarExpr D))
        (IntExpr 293)
        (CallExpr m)
        (VarExpr D)
        (IntExpr 6)
        (VarExpr A3s.)
        (IntExpr 838)
        (FloatExpr 639)
        (VarExpr b)
        (FloatExpr 81102))
       (IntExpr 84)
       (IntExpr 7)
       (IntExpr 18531)
       (FloatExpr 53324101633014)
       (VarExpr i)
       (CallExpr i5L.)
       (IntExpr 0)
       (CallExpr W7l.))
      (CallExpr d (CallExpr z)))
     (VarExpr R)
     (FloatExpr 0)
     (VarExpr R)))
   (CallExpr
    W0f.1p.
    (FloatExpr 0)
    (CallExpr k (FloatExpr 0))
    (IntExpr 301)
    (IntExpr 32)
    (FloatExpr 1004509)
    (IntExpr 0)
    (FloatExpr 0)
    (VarExpr w6b_6W.)
    (FloatExpr 0)
    (IntExpr 0)
    (IntExpr 5)
    (IntExpr 12)
    (VarExpr G)
    (CallExpr R0T.3a_ (CallExpr R))))))
(StmtCmd (AssertStmt (FloatExpr 0) "G%"))
(PrintCmd "75")
(WriteImageCmd (FloatExpr 0) "")
(ShowCmd (IntExpr 5))
(TimeCmd (ReadImageCmd "P{" (VarArgument s2V.1s.)))
(TimeCmd (StmtCmd (AssertStmt (IntExpr 1557) "")))
