(StmtCmd (AssertStmt (IntExpr 7) "Q"))
(PrintCmd "")
(ReadImageCmd "" (VarArgument N5E_))
(PrintCmd "3")
(WriteImageCmd (VarExpr U) "(")
(StmtCmd (LetStmt (ArgLValue (VarArgument z0D_5I_)) (IntExpr 981)))
(ReadImageCmd "%,Q" (VarArgument Z9z_))
(ReadImageCmd "" (VarArgument A5q.))
(ReadImageCmd "" (VarArgument V))
(StmtCmd (ReturnStmt (IntExpr 3)))
(ShowCmd (CallExpr G))
(TimeCmd
 (ShowCmd
  (CallExpr
   t
   (FloatExpr 59493602698892)
   (VarExpr u2R.)
   (FloatExpr 0)
   (IntExpr 1)
   (FloatExpr 0)
   (IntExpr 0)
   (CallExpr H)
   (VarExpr Z)
   (CallExpr
    g1T_7L.
    (VarExpr F)
    (CallExpr
     Z7B_5J_
     (IntExpr 2)
     (VarExpr J5E.)
     (VarExpr t8m_)
     (VarExpr R)
     (VarExpr I3S_2g.6a.)
     (IntExpr 16)
     (IntExpr 91)
     (VarExpr d6s_2P_9M_2l_3T_2k.3x.)
     (IntExpr 8)
     (CallExpr H)
     (IntExpr 16)
     (FloatExpr 2)
     (CallExpr V9Y. (CallExpr h2Z.3z.7W_) (CallExpr i1X_3O.8j_))
     (IntExpr 77)
     (FloatExpr 120301)
     (VarExpr I9E.)
     (VarExpr K8y_)
     (CallExpr k (FloatExpr 3285))
     (CallExpr K)
     (FloatExpr 0)
     (FloatExpr 56)))
   (CallExpr
    J
    (CallExpr
     X3L.
     (IntExpr 6)
     (IntExpr 3)
     (CallExpr m9W_6d_8n_ (VarExpr J9G.8W.) (CallExpr X2z.1b.) (VarExpr j))
     (FloatExpr 0)
     (VarExpr q5h.2Y_)
     (FloatExpr 8574)
     (IntExpr 1)
     (FloatExpr 0)
     (CallExpr k)
     (IntExpr 855)
     (IntExpr 7)
     (CallExpr y9G_ (CallExpr E))
     (VarExpr B9T.9p_)))
   (VarExpr o)
   (FloatExpr 74736489)
   (FloatExpr 0)
   (FloatExpr 0)
   (FloatExpr 0)
   (FloatExpr 0)
   (VarExpr z7d.)
   (VarExpr S)
   (CallExpr
    A5d.1S_
    (IntExpr 4)
    (VarExpr I)
    (VarExpr v)
    (IntExpr 9)
    (CallExpr h)
    (FloatExpr 7036567)
    (CallExpr o9N.1F.)
    (VarExpr E3K.)
    (CallExpr T)
    (CallExpr H2o_)
    (FloatExpr 332060146)
    (IntExpr 4)
    (VarExpr x1V_4w.5K_)
    (CallExpr W3q_2x_8n.4d.0a.2J_)
    (IntExpr 202)
    (CallExpr a1k_1o.)
    (FloatExpr 4260)
    (CallExpr g))
   (IntExpr 23)
   (IntExpr 3)
   (VarExpr F0O.6i_1g_2J.)
   (IntExpr 533)
   (IntExpr 27)
   (FloatExpr 6)
   (IntExpr 6)
   (IntExpr 80884756)
   (FloatExpr 5)
   (IntExpr 8)
   (CallExpr
    x6C_
    (CallExpr
     Q5k.
     (VarExpr O)
     (FloatExpr 0)
     (IntExpr 378)
     (VarExpr o)
     (VarExpr G2n_)
     (VarExpr F)
     (VarExpr S)
     (FloatExpr 0)
     (VarExpr t)
     (VarExpr z)
     (FloatExpr 0)
     (FloatExpr 0)
     (CallExpr w)
     (FloatExpr 10376352)
     (IntExpr 74)
     (FloatExpr 57)
     (IntExpr 8)
     (VarExpr m)
     (CallExpr
      V1X.
      (VarExpr l)
      (FloatExpr 767)
      (FloatExpr 0)
      (VarExpr p)
      (VarExpr s1m.)
      (CallExpr
       e6A.
       (CallExpr k (FloatExpr 0) (FloatExpr 0))
       (CallExpr d1V_ (VarExpr T4q_0w.4h_))
       (CallExpr d)
       (VarExpr A3A_2u_)))
     (CallExpr A (IntExpr 434))
     (FloatExpr 0)
     (VarExpr v0h.)
     (VarExpr H8m.5x.)
     (FloatExpr 1)
     (VarExpr Z6D.)
     (FloatExpr 4100)
     (FloatExpr 3)
     (CallExpr g8C_4i_)
     (VarExpr r)
     (IntExpr 0)
     (VarExpr G)
     (FloatExpr 578748484)
     (IntExpr 7)
     (IntExpr 3)
     (CallExpr Q)
     (VarExpr B)
     (IntExpr 2)
     (CallExpr l)
     (IntExpr 14)
     (IntExpr 7)
     (VarExpr T)
     (FloatExpr 7684)
     (VarExpr q)
     (CallExpr l)
     (IntExpr 1)
     (VarExpr P)
     (FloatExpr 0)
     (VarExpr G9N_1k.5b.5f_)
     (FloatExpr 0)
     (VarExpr E3G_)
     (IntExpr 1)
     (VarExpr U4C.)
     (FloatExpr 0)
     (FloatExpr 0)
     (CallExpr C)
     (FloatExpr 0)
     (FloatExpr 0)
     (VarExpr a)
     (CallExpr J)
     (CallExpr h)
     (VarExpr C)
     (CallExpr N (CallExpr i (CallExpr T)))
     (IntExpr 6)
     (CallExpr s (IntExpr 9))
     (FloatExpr 0)
     (FloatExpr 0)
     (VarExpr x)
     (IntExpr 774)
     (IntExpr 2)
     (VarExpr R9z.)
     (CallExpr U)
     (CallExpr H)
     (CallExpr a)
     (VarExpr W)
     (FloatExpr 0)
     (CallExpr D6S_ (IntExpr 3))
     (FloatExpr 0)
     (CallExpr c1p_)
     (IntExpr 34)
     (VarExpr i)
     (FloatExpr 0)
     (CallExpr S (FloatExpr 1) (IntExpr 5) (IntExpr 809))
     (FloatExpr 0)
     (IntExpr 5)
     (FloatExpr 477012)
     (IntExpr 70)
     (CallExpr I0o.0C_)
     (VarExpr F)
     (CallExpr u (IntExpr 41))
     (VarExpr m)
     (FloatExpr 0)
     (FloatExpr 0)
     (IntExpr 84)
     (IntExpr 2)
     (CallExpr g)
     (CallExpr U3a_)
     (CallExpr C)
     (IntExpr 89)
     (CallExpr L (IntExpr 67) (VarExpr x6n_) (CallExpr c))
     (IntExpr 6)
     (IntExpr 742)
     (IntExpr 3)
     (IntExpr 877)
     (FloatExpr 28)
     (IntExpr 55)
     (VarExpr u)
     (IntExpr 3)
     (IntExpr 10)
     (VarExpr Y)
     (CallExpr U)
     (FloatExpr 87)
     (VarExpr F)
     (CallExpr q)
     (CallExpr U)
     (IntExpr 7856)
     (CallExpr P (VarExpr i) (VarExpr u))
     (VarExpr c8M.)
     (IntExpr 3)
     (FloatExpr 0)
     (CallExpr Q)
     (FloatExpr 65)
     (CallExpr
      A
      (IntExpr 1)
      (CallExpr
       L
       (CallExpr a)
       (VarExpr I)
       (VarExpr X5X.)
       (CallExpr r (FloatExpr 613292077))
       (FloatExpr 0)
       (CallExpr
        d1j.
        (FloatExpr 3)
        (CallExpr Q)
        (VarExpr p4H_)
        (CallExpr u (IntExpr 9759))
        (IntExpr 3)
        (IntExpr 857)
        (FloatExpr 0)
        (FloatExpr 9)
        (CallExpr Q7g.9T_)
        (CallExpr E)
        (CallExpr A8a_9p_6N.4C_)
        (CallExpr D)
        (FloatExpr 7128)
        (CallExpr H)
        (VarExpr a)
        (CallExpr m (VarExpr Q))
        (VarExpr q4m_)
        (VarExpr w)
        (VarExpr u)
        (IntExpr 85)
        (VarExpr U2p_1N_)
        (VarExpr N)
        (CallExpr U2d_)
        (VarExpr c1d_)
        (IntExpr 55)
        (VarExpr X)
        (VarExpr b3z.8x.0W.4k.)
        (IntExpr 29)
        (CallExpr
         x3j_
         (CallExpr T)
         (CallExpr R (CallExpr C (CallExpr C6h_)) (IntExpr 2))
         (IntExpr 5))
        (CallExpr g (VarExpr P))
        (VarExpr r4q.0K.6O_)
        (VarExpr E)
        (VarExpr T6H.1G.)
        (IntExpr 8)
        (IntExpr 103)
        (IntExpr 1)
        (IntExpr 9)
        (CallExpr X (VarExpr X))
        (IntExpr 8)
        (FloatExpr 0)
        (CallExpr d)
        (FloatExpr 0)
        (IntExpr 8)
        (IntExpr 43)
        (CallExpr X (FloatExpr 1391238368))
        (CallExpr U (CallExpr v))
        (FloatExpr 0)
        (CallExpr
         L6j_
         (CallExpr
          n7h_9e.
          (FloatExpr 0)
          (CallExpr K2s_3x.3g. (CallExpr N (CallExpr s7N. (VarExpr B))))
          (CallExpr
           L7G_1D.5Z.
           (CallExpr C2g.)
           (CallExpr v2r. (FloatExpr 0))
           (VarExpr V)
           (CallExpr B6o.3t.3O_)
           (VarExpr I7w.)
           (FloatExpr 77)
           (IntExpr 7)
           (IntExpr 81)
           (CallExpr X)
           (IntExpr 53))
          (FloatExpr 8892)
          (IntExpr 80)
          (FloatExpr 0)
          (CallExpr z3x.))
         (FloatExpr 0)
         (VarExpr M6I.0r_6d_9o_))
        (IntExpr 485)
        (FloatExpr 0)
        (FloatExpr 652)
        (VarExpr c4Q_6u_)
        (CallExpr m6E. (CallExpr T))
        (VarExpr J7f_))
       (FloatExpr 0)
       (VarExpr o)
       (VarExpr L)
       (FloatExpr 1)
       (VarExpr f1V_)
       (FloatExpr 0)
       (CallExpr F)
       (CallExpr f)
       (IntExpr 7)
       (IntExpr 406)
       (VarExpr u0I_)
       (IntExpr 6666)
       (CallExpr t4V_3u_)
       (FloatExpr 0)
       (CallExpr
        f4I.0A_
        (FloatExpr 0)
        (IntExpr 89)
        (CallExpr U2T_3y_ (CallExpr a (FloatExpr 0)))
        (CallExpr I (IntExpr 6) (CallExpr a8H.))
        (VarExpr m)
        (CallExpr i8E.)
        (VarExpr b3P.0C_)
        (CallExpr W7a.)
        (CallExpr
         K
         (FloatExpr 322694)
         (CallExpr C)
         (FloatExpr 0)
         (IntExpr 411)
         (VarExpr O6E.)
         (CallExpr W2W_4d_2H_2s_ (IntExpr 8))
         (VarExpr o)
         (FloatExpr 0)
         (FloatExpr 0)
         (FloatExpr 458)
         (CallExpr K)
         (CallExpr M1n.0Q.2M.)
         (CallExpr r (FloatExpr 0))
         (CallExpr
          I
          (IntExpr 1)
          (FloatExpr 29)
          (CallExpr
           Y
           (CallExpr
            k
            (IntExpr 17)
            (FloatExpr 0)
            (VarExpr k)
            (IntExpr 4)
            (FloatExpr 0)
            (IntExpr 2)
            (VarExpr G1B_)
            (IntExpr 40))
           (VarExpr V7A.)
           (FloatExpr 75)
           (IntExpr 10)
           (IntExpr 4))
          (CallExpr L (IntExpr 8726) (FloatExpr 0))
          (IntExpr 46)
          (FloatExpr 3)
          (VarExpr U)
          (VarExpr k4b_1j.4m.)
          (FloatExpr 0))
         (CallExpr
          K2S.
          (VarExpr M)
          (VarExpr b3Z.0u_)
          (IntExpr 89)
          (VarExpr I2v_))
         (CallExpr N (CallExpr i2y_4m.6Y. (FloatExpr 0)))
         (CallExpr g (VarExpr R))
         (FloatExpr 0)
         (FloatExpr 0)
         (VarExpr F)
         (VarExpr l4b.)
         (VarExpr h)
         (IntExpr 6)
         (VarExpr X6E.1b.)
         (FloatExpr 2)
         (FloatExpr 18)
         (CallExpr o7G.)
         (FloatExpr 1587217169647)
         (VarExpr y)
         (IntExpr 9)
         (CallExpr F)
         (VarExpr A)
         (IntExpr 4)
         (VarExpr n)
         (FloatExpr 31179)
         (FloatExpr 5198)
         (IntExpr 7)
         (CallExpr O (VarExpr A))
         (VarExpr g)
         (FloatExpr 9)
         (VarExpr U)
         (FloatExpr 55)
         (IntExpr 41)
         (IntExpr 84)
         (FloatExpr 9)
         (CallExpr f1C.2T_4k.)
         (CallExpr Q9e.)
         (CallExpr O)
         (CallExpr W1g.))
        (FloatExpr 0))
       (VarExpr r)
       (IntExpr 260)
       (CallExpr
        g
        (IntExpr 2514)
        (CallExpr V4c.2Y_8e.5x_0H.4H_4O_ (IntExpr 9))
        (CallExpr j)
        (IntExpr 5)
        (CallExpr I3V_)
        (CallExpr W)
        (CallExpr B5C_2A_0Y. (IntExpr 2))
        (FloatExpr 0)
        (FloatExpr 0))
       (FloatExpr 0)
       (VarExpr c)
       (FloatExpr 60)
       (FloatExpr 0)
       (CallExpr n2d.5Q. (VarExpr I))
       (IntExpr 3)
       (VarExpr p)
       (VarExpr K8t_)
       (IntExpr 51)
       (CallExpr A8M.)
       (VarExpr T2i_)
       (VarExpr F6d.8d.8h_0G_)
       (VarExpr s)
       (IntExpr 3))
      (FloatExpr 0))
     (IntExpr 85816)
     (VarExpr P)
     (VarExpr s6U.)
     (IntExpr 0)
     (VarExpr H)
     (IntExpr 1)
     (CallExpr z (FloatExpr 400963169))
     (CallExpr q6s.0t.8O.)
     (FloatExpr 0)
     (FloatExpr 8)
     (FloatExpr 0)
     (CallExpr d8v.)))
   (IntExpr 5)
   (FloatExpr 0)
   (FloatExpr 0)
   (VarExpr L)
   (FloatExpr 9824869)
   (IntExpr 26)
   (IntExpr 5)
   (CallExpr h6I.5n_)
   (FloatExpr 0)
   (CallExpr Q (FloatExpr 98))
   (IntExpr 586763)
   (VarExpr h)
   (FloatExpr 4493)
   (IntExpr 6)
   (CallExpr
    B
    (FloatExpr 658)
    (CallExpr f6q_)
    (IntExpr 2)
    (FloatExpr 0)
    (IntExpr 4)
    (FloatExpr 9)
    (FloatExpr 0)
    (FloatExpr 853)
    (VarExpr u)
    (CallExpr Q8j.)
    (FloatExpr 0)
    (VarExpr w)
    (VarExpr b)
    (CallExpr L (CallExpr a))
    (CallExpr y)
    (IntExpr 12))
   (FloatExpr 0)
   (VarExpr i)
   (IntExpr 2)
   (CallExpr
    y2o_
    (IntExpr 56)
    (VarExpr X8G.2t.4s.)
    (FloatExpr 7)
    (FloatExpr 0)
    (VarExpr s)
    (FloatExpr 4681296)
    (CallExpr z7T_7S.)
    (FloatExpr 71)
    (FloatExpr 0)
    (FloatExpr 843578445)
    (IntExpr 6398)
    (FloatExpr 0)
    (IntExpr 3)
    (CallExpr I0x_5d.3W_)
    (CallExpr C5u. (IntExpr 1701))
    (FloatExpr 67)
    (IntExpr 7)
    (VarExpr j7e.)
    (VarExpr j)
    (IntExpr 58)
    (IntExpr 0)
    (FloatExpr 3)
    (IntExpr 8)
    (IntExpr 511)
    (FloatExpr 0)
    (VarExpr t1l_9N_)
    (FloatExpr 0)
    (VarExpr M1y.)
    (IntExpr 223)
    (VarExpr e)
    (IntExpr 76)
    (FloatExpr 0)
    (FloatExpr 3385)
    (FloatExpr 0)
    (VarExpr j)
    (VarExpr X0a_7Q_7M.9e_)
    (CallExpr r1C.6c.)
    (CallExpr D (IntExpr 0))
    (CallExpr L (FloatExpr 0))
    (IntExpr 0)
    (IntExpr 63)
    (VarExpr e)
    (IntExpr 4)
    (IntExpr 37)
    (VarExpr d)
    (CallExpr H6R.1h. (FloatExpr 0))
    (FloatExpr 14323625)
    (VarExpr N)
    (FloatExpr 0)
    (VarExpr p)
    (VarExpr f)
    (IntExpr 0)
    (FloatExpr 0)
    (VarExpr h)
    (CallExpr x8A_6k.1T_ (IntExpr 8))
    (IntExpr 9)
    (IntExpr 24)
    (VarExpr q)
    (CallExpr H (VarExpr H))
    (CallExpr M1u_)
    (VarExpr w)
    (VarExpr p)
    (VarExpr R4q.)
    (FloatExpr 9)
    (IntExpr 1)
    (FloatExpr 0)
    (IntExpr 8)
    (IntExpr 10)
    (FloatExpr 82264)
    (CallExpr z4M.0K. (VarExpr x5p_0q_4J_))
    (VarExpr v2E.4Q_4c_6t_)
    (IntExpr 505)
    (IntExpr 34)
    (FloatExpr 0)
    (CallExpr
     P2k.
     (CallExpr H)
     (IntExpr 8)
     (IntExpr 6)
     (FloatExpr 589)
     (IntExpr 36)
     (FloatExpr 63327))
    (FloatExpr 76229)
    (IntExpr 18268)
    (IntExpr 2)
    (VarExpr f)
    (VarExpr X)
    (VarExpr d3a_4R_))
   (FloatExpr 0)
   (IntExpr 6222)
   (IntExpr 6)
   (FloatExpr 3)
   (FloatExpr 23)
   (VarExpr M)
   (CallExpr p)
   (VarExpr p)
   (VarExpr y)
   (IntExpr 3)
   (VarExpr A)
   (FloatExpr 53891)
   (VarExpr d)
   (VarExpr W)
   (VarExpr P)
   (FloatExpr 0)
   (VarExpr G)
   (CallExpr h7H.4n.)
   (FloatExpr 48150)
   (FloatExpr 4)
   (FloatExpr 0)
   (CallExpr S)
   (CallExpr Z)
   (FloatExpr 0)
   (FloatExpr 0)
   (VarExpr p)
   (VarExpr y)
   (VarExpr y6r.6W.4j_8q.6U_4T_)
   (CallExpr q0d_)
   (IntExpr 8000))))
(TimeCmd (TimeCmd (PrintCmd "")))
(WriteImageCmd (VarExpr a1Q.4E.) "")
(PrintCmd "`")
(ShowCmd (VarExpr W8V_))
