(ShowCmd (IntExpr 7))
(StmtCmd (AssertStmt (IntExpr 3) "308"))
(WriteImageCmd (IntExpr 5) ")4#")
(WriteImageCmd (IntExpr 3) "2{")
(ShowCmd (CallExpr I (VarExpr C)))
(WriteImageCmd (IntExpr 349) "")
(ReadImageCmd "V" (VarArgument H1c.))
(TimeCmd (ReadImageCmd "" (VarArgument i1E.)))
(ReadImageCmd "zY" (VarArgument B))
(TimeCmd
 (StmtCmd (AssertStmt (CallExpr Q0j. (IntExpr 59) (FloatExpr 3)) "wXc")))
(PrintCmd "R")
(PrintCmd "mN")
(StmtCmd (ReturnStmt (CallExpr o (CallExpr b))))
(ShowCmd
 (CallExpr
  p
  (IntExpr 816)
  (FloatExpr 0)
  (CallExpr
   M
   (FloatExpr 2)
   (CallExpr Z (FloatExpr 0))
   (VarExpr Q0g.)
   (FloatExpr 0)
   (CallExpr
    W1U.
    (IntExpr 1)
    (FloatExpr 5993)
    (VarExpr g)
    (VarExpr S)
    (IntExpr 9)
    (FloatExpr 1)
    (VarExpr p)
    (CallExpr N (IntExpr 99118855))
    (VarExpr Q6z.9l.3e.)))
  (CallExpr Q8k_0u. (FloatExpr 0) (FloatExpr 3) (FloatExpr 33) (FloatExpr 0))))
(WriteImageCmd (FloatExpr 0) "+")
