(PrintCmd "")
(ReadImageCmd "K3kXYB/" (VarArgument d8L_))
