(ShowCmd (IntExpr 51))
(ReadImageCmd "" (VarArgument u2W.9P.))
(ShowCmd (FloatExpr 60122))
(ShowCmd (FloatExpr 0))
(ReadImageCmd "a" (VarArgument X))
(ShowCmd (CallExpr z))
(WriteImageCmd (FloatExpr 1) "u")
(WriteImageCmd (FloatExpr 2254) "")
(TimeCmd (ReadImageCmd "l" (VarArgument Q9J_)))
(ShowCmd (IntExpr 566))
(TimeCmd (PrintCmd "rX"))
(StmtCmd (AssertStmt (IntExpr 8) ""))
(WriteImageCmd
 (CallExpr
  F
  (IntExpr 30)
  (CallExpr l (CallExpr Y (FloatExpr 728)))
  (VarExpr V)
  (CallExpr
   z
   (VarExpr Q9y.4W_)
   (IntExpr 91)
   (VarExpr w)
   (VarExpr l)
   (FloatExpr 0)
   (CallExpr u6c_8M_)
   (CallExpr
    Z2C.
    (VarExpr h)
    (FloatExpr 9210307573)
    (FloatExpr 33252354)
    (IntExpr 9))
   (CallExpr
    Q4Z.
    (IntExpr 9)
    (FloatExpr 328)
    (FloatExpr 0)
    (CallExpr
     t7o.
     (CallExpr
      G2B.2k.3B.3r_
      (VarExpr E)
      (FloatExpr 1)
      (VarExpr N)
      (IntExpr 86463)))
    (FloatExpr 0)
    (FloatExpr 77799820)
    (VarExpr p5V_6v_))
   (VarExpr T)
   (FloatExpr 751691)
   (CallExpr H4d.)
   (IntExpr 2)
   (IntExpr 184208)
   (VarExpr p0T.0m_)
   (VarExpr d6X.)
   (FloatExpr 629)
   (VarExpr e)
   (IntExpr 599)
   (VarExpr U)
   (VarExpr n)
   (FloatExpr 5762)
   (VarExpr Z)
   (FloatExpr 5796)
   (VarExpr h9l.9D.)
   (FloatExpr 0)
   (VarExpr l4g.)
   (IntExpr 44139)
   (CallExpr V4q_7n_9E.0L_5s.4a.8A.9N.)
   (IntExpr 1)
   (IntExpr 0)
   (IntExpr 5)
   (IntExpr 1)
   (FloatExpr 0)
   (CallExpr W2T.)
   (VarExpr R)
   (FloatExpr 0)
   (IntExpr 6)
   (FloatExpr 899)
   (CallExpr C4E_ (VarExpr c) (VarExpr o2B_))
   (VarExpr d8J.)
   (FloatExpr 98)
   (CallExpr G (VarExpr Y6Z_0K_))
   (VarExpr N5e.)
   (VarExpr z4q.)
   (VarExpr k3z_))
  (CallExpr q)
  (FloatExpr 0)
  (FloatExpr 80)
  (VarExpr J)
  (VarExpr y)
  (IntExpr 9)
  (FloatExpr 0)
  (FloatExpr 0)
  (CallExpr W8a. (CallExpr j8q_0r. (IntExpr 7246)))
  (CallExpr O9E_8N. (FloatExpr 0))
  (FloatExpr 8502)
  (FloatExpr 0)
  (VarExpr i5P.)
  (IntExpr 53))
 "")
(TimeCmd (WriteImageCmd (VarExpr K) ""))
(WriteImageCmd (IntExpr 11) "|{")
(ShowCmd (VarExpr T1f_))
