(TimeCmd (WriteImageCmd (CallExpr D8e.) ";lK]"))
(TimeCmd (ReadImageCmd "" (VarArgument s)))
(TimeCmd (StmtCmd (ReturnStmt (IntExpr 6005))))
(StmtCmd (LetStmt (ArgLValue (VarArgument X)) (IntExpr 1)))
(PrintCmd "")
(StmtCmd (LetStmt (ArgLValue (VarArgument K)) (VarExpr z)))
(StmtCmd (LetStmt (ArgLValue (VarArgument s1H.)) (FloatExpr 0)))
(ShowCmd (FloatExpr 0))
(StmtCmd (AssertStmt (VarExpr T3n_) ""))
(StmtCmd (LetStmt (ArgLValue (VarArgument Y9i.)) (IntExpr 56)))
(WriteImageCmd (IntExpr 9) "Iu")
(ReadImageCmd "" (VarArgument G6X.4h.1I_))
(ShowCmd (FloatExpr 2))
