(ShowCmd (CallExpr K0Y_4j_ (VarExpr J4l_8x.8g_3K.)))
(PrintCmd "#L")
(StmtCmd
 (AssertStmt (CallExpr L3I_ (IntExpr 7) (IntExpr 4) (FloatExpr 0)) "x"))
(TimeCmd (ReadImageCmd "" (VarArgument k)))
(PrintCmd "r")
