(ReadImageCmd "" (VarArgument z5n_))
(TimeCmd (TimeCmd (ShowCmd (VarExpr g))))
(ShowCmd (CallExpr x3d_))
(ShowCmd (FloatExpr 24631))
(PrintCmd ";")
(StmtCmd (AssertStmt (IntExpr 74) ""))
(PrintCmd "")
(PrintCmd "")
(WriteImageCmd (VarExpr A) "p5")
(ShowCmd (VarExpr w))
(PrintCmd "@^}bd!8o~")
(WriteImageCmd (IntExpr 85347) "")
(TimeCmd (ReadImageCmd "" (VarArgument N1r.5W_5N.)))
(StmtCmd (LetStmt (ArgLValue (VarArgument t)) (IntExpr 3)))
(TimeCmd (PrintCmd ""))
(TimeCmd
 (StmtCmd (LetStmt (ArgLValue (VarArgument P)) (CallExpr I (VarExpr t)))))
(WriteImageCmd (IntExpr 56) "&")
