(ShowCmd
 (CallExpr
  Z
  (IntExpr 3)
  (CallExpr G)
  (IntExpr 95)
  (FloatExpr 6)
  (VarExpr i)
  (FloatExpr 0)
  (FloatExpr 0)
  (VarExpr n)
  (CallExpr J3N.)
  (FloatExpr 0)
  (CallExpr
   p0X_0u_
   (CallExpr I0H_2i.5C_)
   (VarExpr r)
   (VarExpr R)
   (VarExpr P)
   (CallExpr
    k
    (VarExpr Q)
    (IntExpr 3)
    (IntExpr 85)
    (VarExpr F)
    (IntExpr 73)
    (IntExpr 8)
    (IntExpr 781)
    (VarExpr S)
    (FloatExpr 0))
   (CallExpr U5Y.)
   (FloatExpr 4978)
   (CallExpr n (IntExpr 4))
   (CallExpr A9t.7X_8e.4x.5Z.)
   (CallExpr
    A2h_2h.
    (IntExpr 397)
    (CallExpr T7k.)
    (VarExpr z6h_4o_)
    (IntExpr 5)
    (FloatExpr 386))
   (FloatExpr 0)
   (FloatExpr 0)
   (FloatExpr 42)
   (FloatExpr 6)
   (CallExpr X (FloatExpr 1) (FloatExpr 0) (FloatExpr 0) (IntExpr 2)))
  (FloatExpr 43)
  (CallExpr I3V.)
  (FloatExpr 0)
  (VarExpr R)
  (VarExpr b7u.)
  (CallExpr j (CallExpr r9y.3z.9Q. (IntExpr 2)))
  (CallExpr n5g_)
  (IntExpr 79)
  (FloatExpr 0)
  (CallExpr y)
  (IntExpr 76)
  (IntExpr 3)
  (VarExpr x)
  (FloatExpr 0)
  (VarExpr I)
  (FloatExpr 0)
  (IntExpr 5)
  (FloatExpr 5)
  (VarExpr A)
  (VarExpr r7A_)
  (VarExpr o)
  (CallExpr U)
  (CallExpr r3z.)
  (FloatExpr 3243468)
  (CallExpr C5b. (VarExpr o))
  (CallExpr l (FloatExpr 0))
  (FloatExpr 49399617)
  (FloatExpr 0)
  (FloatExpr 0)
  (IntExpr 94392)
  (IntExpr 81015)
  (VarExpr R)
  (CallExpr
   M8j.6W_2e.
   (VarExpr u9k.)
   (IntExpr 7)
   (CallExpr e1p_)
   (VarExpr i2x_3a_1P.8Q.))
  (IntExpr 2)
  (CallExpr c3B.9a.9c.)
  (IntExpr 5459)
  (CallExpr f)
  (VarExpr m4k.9w_)
  (CallExpr s8z_ (FloatExpr 0))
  (CallExpr
   E5M_
   (IntExpr 119)
   (IntExpr 1)
   (VarExpr S8I.0S_9Z_4y_)
   (CallExpr O2r.)
   (VarExpr N)
   (VarExpr s)
   (IntExpr 8)
   (FloatExpr 3433)
   (CallExpr D)
   (FloatExpr 0)
   (CallExpr w)
   (IntExpr 43)
   (VarExpr J)
   (IntExpr 1)
   (IntExpr 87)
   (VarExpr H7j_0m_4C_5s.5G.7C.)
   (VarExpr i)
   (CallExpr v3r.2Z_ (IntExpr 73))
   (VarExpr J4S.)
   (FloatExpr 124))
  (CallExpr N1v_4U.7r.8O.7b_ (CallExpr u9L_))
  (CallExpr f0C_)
  (VarExpr m)
  (VarExpr h0i_)
  (VarExpr Y2D_)
  (IntExpr 82214)
  (CallExpr F (FloatExpr 3))
  (IntExpr 67)
  (IntExpr 91)
  (IntExpr 9)
  (IntExpr 3380)
  (CallExpr
   f
   (IntExpr 3)
   (FloatExpr 6264)
   (CallExpr h2x_3K_ (VarExpr O6l.))
   (CallExpr S3Q.3X. (VarExpr h9c_0O.7I_))
   (IntExpr 7)
   (VarExpr J)
   (FloatExpr 0)
   (IntExpr 0)
   (FloatExpr 0)
   (VarExpr x)
   (IntExpr 1)
   (CallExpr k)
   (FloatExpr 0)
   (CallExpr K)
   (VarExpr K7u.7k_)
   (VarExpr M3f_)
   (IntExpr 9)
   (VarExpr V8f.)
   (VarExpr S)
   (FloatExpr 1)
   (FloatExpr 0)
   (IntExpr 0)
   (IntExpr 4)
   (FloatExpr 0)
   (CallExpr z (IntExpr 85))
   (VarExpr C)
   (VarExpr K8g.)
   (IntExpr 3)
   (VarExpr f)
   (FloatExpr 0)
   (CallExpr B)
   (VarExpr m0f.)
   (FloatExpr 0)
   (CallExpr c)
   (FloatExpr 0)
   (VarExpr j)
   (FloatExpr 63360454)
   (FloatExpr 97)
   (IntExpr 5)
   (VarExpr I)
   (IntExpr 85)
   (FloatExpr 0)
   (CallExpr l1s.8N_)
   (CallExpr j (IntExpr 3) (VarExpr E) (IntExpr 94))
   (IntExpr 3)
   (VarExpr R)
   (VarExpr x))
  (VarExpr g)
  (CallExpr w0z_6p_ (CallExpr r (CallExpr p0I.8u.)))
  (IntExpr 8)
  (CallExpr H0t. (VarExpr H8Z_))
  (FloatExpr 0)
  (VarExpr X)
  (VarExpr x)
  (VarExpr O4Z.1d_)
  (FloatExpr 0)
  (VarExpr K)
  (FloatExpr 0)
  (IntExpr 6)
  (CallExpr U9b_6f. (CallExpr v))
  (FloatExpr 0)
  (VarExpr B)
  (FloatExpr 79)
  (FloatExpr 0)
  (IntExpr 3)
  (CallExpr M (VarExpr i))
  (FloatExpr 6)
  (CallExpr f6s_ (CallExpr N (FloatExpr 0)))
  (FloatExpr 6111671758)
  (CallExpr a (VarExpr Y4M_))
  (FloatExpr 0)
  (VarExpr e)
  (VarExpr A)
  (FloatExpr 0)
  (FloatExpr 0)
  (FloatExpr 688)
  (FloatExpr 2113)
  (CallExpr j (VarExpr g))
  (IntExpr 1)
  (FloatExpr 0)
  (VarExpr l5A.)
  (VarExpr u)
  (CallExpr b)
  (FloatExpr 2213)
  (FloatExpr 2)
  (FloatExpr 0)
  (IntExpr 2)
  (CallExpr V (IntExpr 0))
  (IntExpr 0)
  (IntExpr 17)
  (CallExpr i)
  (FloatExpr 72)
  (FloatExpr 0)
  (CallExpr j0z.)
  (VarExpr V2F_)
  (IntExpr 0)
  (VarExpr C)
  (CallExpr
   p
   (IntExpr 0)
   (VarExpr j9B_)
   (VarExpr j5U.)
   (VarExpr Q0Y_7k.)
   (FloatExpr 78502)
   (FloatExpr 0)
   (FloatExpr 829)
   (VarExpr d)
   (FloatExpr 0))
  (CallExpr G4B_ (FloatExpr 0))
  (VarExpr g8Q.6m_4h_0y_3b_)
  (FloatExpr 0)
  (VarExpr v2k_7E.4Z_4x.0T_0R_)
  (CallExpr m3l. (IntExpr 82) (VarExpr F))
  (CallExpr s (FloatExpr 9845))
  (VarExpr r)
  (CallExpr c4j_)
  (CallExpr z)
  (VarExpr L8A.)
  (CallExpr B)
  (FloatExpr 0)
  (FloatExpr 0)
  (CallExpr D8I_ (VarExpr K) (VarExpr q8E.) (FloatExpr 3239))
  (IntExpr 47)
  (IntExpr 645)
  (VarExpr E2G.7R.)
  (CallExpr k (IntExpr 404) (FloatExpr 0))
  (CallExpr k5U.2s.5j. (CallExpr s) (CallExpr z0r.))
  (IntExpr 14)
  (VarExpr e4z_)
  (VarExpr c)
  (VarExpr m9k_)
  (FloatExpr 0)
  (IntExpr 4)
  (FloatExpr 0)
  (VarExpr A)
  (CallExpr b (FloatExpr 0))
  (FloatExpr 1)
  (VarExpr H1C.)
  (CallExpr D)
  (FloatExpr 0)
  (FloatExpr 0)
  (VarExpr x8c.)
  (CallExpr U4b_7p_1I.)
  (FloatExpr 0)
  (VarExpr j4T_7U.)
  (FloatExpr 0)
  (FloatExpr 0)
  (FloatExpr 6)
  (FloatExpr 0)
  (VarExpr b)
  (VarExpr s)
  (FloatExpr 0)
  (VarExpr J)
  (CallExpr q3Y_ (FloatExpr 4861))
  (CallExpr G1c_)
  (FloatExpr 0)
  (CallExpr G (VarExpr w) (CallExpr G))
  (IntExpr 0)
  (CallExpr C3r_9c_7m_ (FloatExpr 0))
  (FloatExpr 0)
  (CallExpr F)
  (VarExpr l5x_)
  (VarExpr B)
  (FloatExpr 8495620010)
  (IntExpr 5)
  (VarExpr N5t_1a_3Z_)
  (FloatExpr 3)
  (FloatExpr 0)
  (VarExpr t8v.)
  (FloatExpr 8373)
  (CallExpr S2r_)
  (IntExpr 64)
  (FloatExpr 85934)
  (CallExpr G9P.)
  (FloatExpr 0)
  (CallExpr Y4a_1L_6K.)
  (VarExpr L0z_1E.)
  (IntExpr 9)
  (IntExpr 92)
  (VarExpr C5s_7Y_)
  (IntExpr 2)
  (FloatExpr 6)
  (VarExpr y)
  (VarExpr K)))
(ShowCmd (IntExpr 8))
(ShowCmd (IntExpr 93))
(TimeCmd (PrintCmd "kI4"))
(PrintCmd "!A-Vx")
(StmtCmd (AssertStmt (CallExpr C8J_5u.3s.6L.5e.7h. (FloatExpr 47)) "7m}"))
(ShowCmd (FloatExpr 0))
(PrintCmd "")
(WriteImageCmd (IntExpr 25) "f")
(ReadImageCmd "pbT%K~8" (VarArgument R))
(StmtCmd (AssertStmt (IntExpr 907) "!E"))
(TimeCmd (ReadImageCmd "" (VarArgument P)))
(PrintCmd "A2")
