(StmtCmd (AssertStmt (FloatExpr 200074) ""))
(PrintCmd "")
(ShowCmd (IntExpr 8))
(TimeCmd (TimeCmd (StmtCmd (AssertStmt (VarExpr O) "T*v&X"))))
(TimeCmd (TimeCmd (TimeCmd (WriteImageCmd (CallExpr j4T_4U_) ""))))
(StmtCmd (ReturnStmt (CallExpr V)))
(ReadImageCmd "" (VarArgument t6c_))
(ReadImageCmd "go&" (VarArgument C))
(StmtCmd (ReturnStmt (FloatExpr 4905)))
(ShowCmd (IntExpr 4))
(ShowCmd (VarExpr e1r.1O.6i.))
(PrintCmd "")
(WriteImageCmd (IntExpr 7) "P")
(ReadImageCmd "" (VarArgument q))
(WriteImageCmd (FloatExpr 62) "Pd")
(StmtCmd (LetStmt (ArgLValue (VarArgument O)) (VarExpr y)))
