(ShowCmd (CallExpr L))
(WriteImageCmd (FloatExpr 0) "")
(PrintCmd "")
(ReadImageCmd "@r" (VarArgument N))
(PrintCmd "")
