(PrintCmd "")
(PrintCmd "")
(StmtCmd (LetStmt (ArgLValue (VarArgument m)) (VarExpr n4y_)))
(WriteImageCmd (CallExpr B) "")
(ShowCmd (VarExpr f8P.8K_7w_))
(PrintCmd "")
(WriteImageCmd (CallExpr S7H. (CallExpr Q) (FloatExpr 0)) "")
(StmtCmd (LetStmt (ArgLValue (VarArgument I)) (FloatExpr 73)))
(WriteImageCmd (IntExpr 4) "")
(ShowCmd (CallExpr b))
(WriteImageCmd (CallExpr d) "2Aw")
(StmtCmd (LetStmt (ArgLValue (VarArgument z0q.5v_)) (FloatExpr 0)))
(TimeCmd (ReadImageCmd "l" (VarArgument L7y_8U.)))
(TimeCmd (StmtCmd (ReturnStmt (VarExpr Y6F.))))
