(StmtCmd (LetStmt (ArgLValue (VarArgument nkacjhscbg__2143)) (IntExpr 123412)))
