(ShowCmd (ArrConExpr (ArrayType IntType rank=1)))
