(StmtCmd
 (LetStmt (ArgLValue (VarArgument ackjhfcbg___1424..1__)) (IntExpr 13424)))
