(StmtCmd (LetStmt (ArgLValue (VarArgument kajcmhn)) (FloatExpr 14124)))
