(StmtCmd (LetStmt (ArgLValue (VarArgument IntType N)) (IntExpr IntType 33)))
(ShowCmd
 (ArrayExpr
  (ArrayType IntType rank=1)
  (y (VarExpr IntType N))
  (IntExpr IntType 4)))
