(ReadImageCmd "+" (VarArgument Q))
(TimeCmd (ReadImageCmd "" (VarArgument p1O.4e_8U_)))
(ShowCmd (CallExpr o9Q.))
(PrintCmd "")
(WriteImageCmd (CallExpr J) "")
(WriteImageCmd (IntExpr 865) "2y")
(ShowCmd (CallExpr B5n_))
(WriteImageCmd (IntExpr 48) "")
(StmtCmd (ReturnStmt (CallExpr C1V_0v_ (FloatExpr 0))))
(ShowCmd (FloatExpr 6))
(StmtCmd (AssertStmt (CallExpr B) ""))
