(ShowCmd (IntExpr 95))
(PrintCmd "")
(PrintCmd "ra")
(StmtCmd (ReturnStmt (FloatExpr 20)))
(StmtCmd (LetStmt (ArgLValue (VarArgument d1J_)) (VarExpr Y3T.)))
(ReadImageCmd "" (VarArgument U1S_0I.5G.))
(ShowCmd (IntExpr 9))
(ShowCmd (IntExpr 0))
(StmtCmd (ReturnStmt (IntExpr 4)))
