(ReadImageCmd ">t" (VarArgument j))
(StmtCmd (ReturnStmt (IntExpr 16)))
(ShowCmd (VarExpr h3H.9T.))
(WriteImageCmd (VarExpr t7e_) "")
