(ReadImageCmd "3" (VarArgument n0p_))
(ShowCmd (VarExpr m))
(PrintCmd ",")
(StmtCmd (LetStmt (ArgLValue (VarArgument P8q.2y.)) (VarExpr V6t.)))
(StmtCmd (ReturnStmt (VarExpr S)))
(WriteImageCmd (CallExpr K) "7i")
(PrintCmd "")
(PrintCmd "mbH")
(ReadImageCmd "" (VarArgument l))
(TimeCmd (ReadImageCmd "9Oc" (VarArgument B)))
(StmtCmd (AssertStmt (FloatExpr 9894) "w "))
(TimeCmd (ShowCmd (FloatExpr 7084581220)))
(ReadImageCmd "j-" (VarArgument W))
(PrintCmd "H!")
