(StmtCmd (AssertStmt (IntExpr 0) "8b"))
(ShowCmd (FloatExpr 18551911))
(TimeCmd
 (StmtCmd
  (LetStmt
   (ArgLValue (VarArgument d3D_))
   (CallExpr
    f
    (VarExpr u8u_0V_7M.)
    (VarExpr B)
    (VarExpr g5O_6i.)
    (IntExpr 2)
    (FloatExpr 320142)
    (CallExpr A (VarExpr y2s_8C_4c.))
    (IntExpr 3)
    (FloatExpr 0)
    (IntExpr 3)
    (CallExpr E)
    (FloatExpr 0)
    (VarExpr s5o.)
    (IntExpr 71)
    (CallExpr z)
    (FloatExpr 6)
    (VarExpr A1j_)
    (CallExpr y)
    (VarExpr x7X_1F.)
    (FloatExpr 0)
    (VarExpr k)
    (IntExpr 3)
    (IntExpr 2)
    (CallExpr P (FloatExpr 46))
    (IntExpr 7)
    (CallExpr p)
    (CallExpr F0i. (FloatExpr 0))
    (FloatExpr 6)
    (VarExpr w2x.)
    (FloatExpr 0)
    (VarExpr p0N_7K.3D.)))))
(ReadImageCmd "z" (VarArgument E5U_2C_))
(PrintCmd "")
(WriteImageCmd (VarExpr C0X_) "i")
(ShowCmd (FloatExpr 0))
(PrintCmd "")
(TimeCmd (TimeCmd (PrintCmd "")))
(StmtCmd
 (LetStmt
  (ArgLValue (VarArgument s))
  (CallExpr B (CallExpr D9Q.3m.0X_5G_1u. (VarExpr s1H_2T.0K.1N_4D_)))))
(WriteImageCmd (VarExpr r) "=")
(ReadImageCmd "" (VarArgument i))
(StmtCmd (LetStmt (ArgLValue (VarArgument S)) (CallExpr O0E_4b_0I.3w.)))
(ShowCmd (FloatExpr 2))
(WriteImageCmd (FloatExpr 0) "")
(ShowCmd (VarExpr Y))
