(WriteImageCmd (CallExpr C) "E")
(PrintCmd "`8")
(StmtCmd (AssertStmt (IntExpr 62) ""))
(WriteImageCmd (IntExpr 6) "s*2x[i")
(ShowCmd (FloatExpr 0))
(StmtCmd (AssertStmt (IntExpr 718) ""))
(ShowCmd (IntExpr 9))
(TimeCmd (ReadImageCmd "" (VarArgument i)))
(ReadImageCmd "" (VarArgument q2V.))
(StmtCmd (ReturnStmt (IntExpr 44)))
