(ReadImageCmd "" (VarArgument b6j_))
(ShowCmd (CallExpr L1k.))
(TimeCmd (StmtCmd (ReturnStmt (CallExpr q))))
(WriteImageCmd (VarExpr D3D_) "")
(StmtCmd (LetStmt (ArgLValue (VarArgument a)) (VarExpr g4S_5j_7d_9U.)))
(WriteImageCmd (IntExpr 4) "")
(ReadImageCmd "" (VarArgument q))
(ShowCmd (FloatExpr 5))
(PrintCmd "Bs")
(TimeCmd (ShowCmd (IntExpr 4)))
(WriteImageCmd (CallExpr f (CallExpr F4H_)) "")
(ReadImageCmd "&T" (VarArgument r))
(StmtCmd (ReturnStmt (FloatExpr 840)))
(ReadImageCmd "Z" (VarArgument Q))
(WriteImageCmd (FloatExpr 102) "")
