(ShowCmd (CallExpr X2W.6U. (VarExpr x)))
(PrintCmd "BA)%")
(WriteImageCmd (VarExpr O) "+")
(StmtCmd (LetStmt (ArgLValue (VarArgument o)) (VarExpr D)))
(WriteImageCmd (IntExpr 2428) "c")
(ShowCmd (CallExpr D (VarExpr p)))
(StmtCmd (LetStmt (ArgLValue (VarArgument g7D_)) (IntExpr 8)))
(ReadImageCmd "" (VarArgument k))
(ReadImageCmd "mbAx" (VarArgument C5T_8D_))
(ReadImageCmd "" (VarArgument R))
(ShowCmd (CallExpr o))
(StmtCmd (LetStmt (ArgLValue (VarArgument O)) (FloatExpr 0)))
(TimeCmd (WriteImageCmd (FloatExpr 77336) "]D"))
(ReadImageCmd "Y" (VarArgument O))
