(ReadImageCmd "" (VarArgument Z2i_))
(StmtCmd (AssertStmt (CallExpr G6p.) ""))
(WriteImageCmd
 (CallExpr
  S
  (IntExpr 8)
  (CallExpr
   t
   (VarExpr q4v_)
   (FloatExpr 2)
   (VarExpr a)
   (VarExpr h)
   (FloatExpr 0)
   (IntExpr 0))
  (VarExpr x)
  (FloatExpr 0)
  (VarExpr s)
  (IntExpr 3))
 "p")
(StmtCmd (AssertStmt (VarExpr j) "Zf"))
(TimeCmd (TimeCmd (ReadImageCmd "" (VarArgument D3w_))))
(TimeCmd
 (TimeCmd
  (StmtCmd
   (LetStmt
    (ArgLValue (VarArgument E6O.9C_5F_7s.6y_3i_))
    (CallExpr A1S_4r_3Z_5Y_6g_4P.8K_7B.)))))
(StmtCmd (AssertStmt (CallExpr C (CallExpr E)) ""))
(WriteImageCmd (IntExpr 3) "N")
(WriteImageCmd (FloatExpr 0) "")
(PrintCmd "&")
(TimeCmd (ReadImageCmd "" (VarArgument z)))
