(ReadImageCmd "" (VarArgument m4h.))
(ShowCmd (VarExpr P1x.))
(ShowCmd (FloatExpr 640301))
(StmtCmd (AssertStmt (VarExpr H) ">"))
(ShowCmd (CallExpr K))
(WriteImageCmd (CallExpr f) "")
(StmtCmd (ReturnStmt (FloatExpr 0)))
(TimeCmd (TimeCmd (StmtCmd (AssertStmt (IntExpr 81) "y"))))
(StmtCmd (LetStmt (ArgLValue (VarArgument G)) (IntExpr 4768)))
(StmtCmd (LetStmt (ArgLValue (VarArgument d)) (IntExpr 1)))
(ShowCmd (VarExpr U9D_))
(WriteImageCmd (IntExpr 7) "jE")
