(PrintCmd "")
(ReadImageCmd "Q>" (VarArgument J))
(StmtCmd (AssertStmt (CallExpr H9w_) "p"))
(WriteImageCmd (FloatExpr 0) "Gm-Nu")
