(ShowCmd (IntExpr 7))
(StmtCmd (ReturnStmt (CallExpr j5J. (FloatExpr 9537) (VarExpr F))))
(WriteImageCmd (IntExpr 6) "NY~cj")
(ShowCmd (FloatExpr 0))
(ShowCmd (CallExpr g))
(StmtCmd (ReturnStmt (VarExpr k6B_)))
(TimeCmd (TimeCmd (ShowCmd (IntExpr 37486292))))
(StmtCmd (AssertStmt (CallExpr f2m_ (FloatExpr 0)) "-L"))
(ReadImageCmd "" (VarArgument f1V.))
(PrintCmd "l")
(ReadImageCmd "" (VarArgument M))
(WriteImageCmd (IntExpr 48) "-")
(WriteImageCmd (VarExpr a) "")
(TimeCmd (TimeCmd (PrintCmd "")))
(StmtCmd (AssertStmt (CallExpr b8i_2u_4Y.1O_) "g"))
(PrintCmd "rG")
(WriteImageCmd
 (CallExpr
  P6J.
  (CallExpr N)
  (IntExpr 8084)
  (IntExpr 53)
  (VarExpr b9d.9K.1M_)
  (CallExpr L))
 "c")
