(ReadImageCmd "L" (VarArgument u1V.))
(StmtCmd (LetStmt (ArgLValue (VarArgument V)) (FloatExpr 6999180732)))
(WriteImageCmd (IntExpr 81368) "")
(PrintCmd "")
(PrintCmd "]zV")
(ReadImageCmd "t" (VarArgument p3I_2M_6a_6U.7v.))
(WriteImageCmd (IntExpr 1) "")
(PrintCmd ":;Q+")
(TimeCmd (TimeCmd (TimeCmd (PrintCmd ""))))
(PrintCmd "")
(ShowCmd (CallExpr S2i_))
(TimeCmd (StmtCmd (AssertStmt (VarExpr g) "")))
(StmtCmd (ReturnStmt (IntExpr 57392)))
(TimeCmd (PrintCmd "9^^VR7"))
(ShowCmd (CallExpr R8m.4g.6x_3M_))
(ShowCmd (VarExpr M4O_))
