(ReadImageCmd "" (VarArgument a6n.3M_))
(StmtCmd (ReturnStmt (VarExpr G)))
(StmtCmd (ReturnStmt (FloatExpr 0)))
(TimeCmd (PrintCmd "u"))
(PrintCmd "mz")
(ShowCmd (IntExpr 86))
(PrintCmd "")
(ShowCmd (CallExpr J))
(StmtCmd (AssertStmt (VarExpr J0l_4o_5u_1C_) "y~"))
(WriteImageCmd (CallExpr N (FloatExpr 0)) "")
(WriteImageCmd (VarExpr p) "")
